[    0.000000] Initializing cgroup subsys cpuset
[    0.000000] Initializing cgroup subsys cpu
[    0.000000] Initializing cgroup subsys cpuacct
[    0.000000] Linux version 4.4.0-93-generic (buildd@lgw01-03) (gcc version 5.4.0 20160609 (Ubuntu 5.4.0-6ubuntu1~16.04.4) ) #116-Ubuntu SMP Fri Aug 11 21:17:51 UTC 2017 (Ubuntu 4.4.0-93.116-generic 4.4.79)
[    0.000000] Command line: BOOT_IMAGE=/boot/vmlinuz-4.4.0-93-generic root=LABEL=cloudimg-rootfs ro console=tty1 console=ttyS0
[    0.000000] KERNEL supported cpus:
[    0.000000]   Intel GenuineIntel
[    0.000000]   AMD AuthenticAMD
[    0.000000]   Centaur CentaurHauls
[    0.000000] x86/fpu: xstate_offset[2]:  576, xstate_sizes[2]:  256
[    0.000000] x86/fpu: Supporting XSAVE feature 0x01: 'x87 floating point registers'
[    0.000000] x86/fpu: Supporting XSAVE feature 0x02: 'SSE registers'
[    0.000000] x86/fpu: Supporting XSAVE feature 0x04: 'AVX registers'
[    0.000000] x86/fpu: Enabled xstate features 0x7, context size is 832 bytes, using 'standard' format.
[    0.000000] x86/fpu: Using 'lazy' FPU context switches.
[    0.000000] e820: BIOS-provided physical RAM map:
[    0.000000] BIOS-e820: [mem 0x0000000000000000-0x000000000009fbff] usable
[    0.000000] BIOS-e820: [mem 0x000000000009fc00-0x000000000009ffff] reserved
[    0.000000] BIOS-e820: [mem 0x00000000000f0000-0x00000000000fffff] reserved
[    0.000000] BIOS-e820: [mem 0x0000000000100000-0x000000003ffeffff] usable
[    0.000000] BIOS-e820: [mem 0x000000003fff0000-0x000000003fffffff] ACPI data
[    0.000000] BIOS-e820: [mem 0x00000000fec00000-0x00000000fec00fff] reserved
[    0.000000] BIOS-e820: [mem 0x00000000fee00000-0x00000000fee00fff] reserved
[    0.000000] BIOS-e820: [mem 0x00000000fffc0000-0x00000000ffffffff] reserved
[    0.000000] NX (Execute Disable) protection: active
[    0.000000] SMBIOS 2.5 present.
[    0.000000] Hypervisor detected: KVM
[    0.000000] e820: last_pfn = 0x3fff0 max_arch_pfn = 0x400000000
[    0.000000] MTRR: Disabled
[    0.000000] x86/PAT: MTRRs disabled, skipping PAT initialization too.
[    0.000000] CPU MTRRs all blank - virtualized system.
[    0.000000] x86/PAT: Configuration [0-7]: WB  WT  UC- UC  WB  WT  UC- UC  
[    0.000000] found SMP MP-table at [mem 0x0009fff0-0x0009ffff] mapped at [ffff88000009fff0]
[    0.000000] Scanning 1 areas for low memory corruption
[    0.000000] RAMDISK: [mem 0x36ac4000-0x37559fff]
[    0.000000] ACPI: Early table checksum verification disabled
[    0.000000] ACPI: RSDP 0x00000000000E0000 000024 (v02 VBOX  )
[    0.000000] ACPI: XSDT 0x000000003FFF0030 00003C (v01 VBOX   VBOXXSDT 00000001 ASL  00000061)
[    0.000000] ACPI: FACP 0x000000003FFF00F0 0000F4 (v04 VBOX   VBOXFACP 00000001 ASL  00000061)
[    0.000000] ACPI: DSDT 0x000000003FFF0470 0021C8 (v02 VBOX   VBOXBIOS 00000002 INTL 20100528)
[    0.000000] ACPI: FACS 0x000000003FFF0200 000040
[    0.000000] ACPI: FACS 0x000000003FFF0200 000040
[    0.000000] ACPI: APIC 0x000000003FFF0240 00005C (v02 VBOX   VBOXAPIC 00000001 ASL  00000061)
[    0.000000] ACPI: SSDT 0x000000003FFF02A0 0001CC (v01 VBOX   VBOXCPUT 00000002 INTL 20100528)
[    0.000000] No NUMA configuration found
[    0.000000] Faking a node at [mem 0x0000000000000000-0x000000003ffeffff]
[    0.000000] NODE_DATA(0) allocated [mem 0x3ffeb000-0x3ffeffff]
[    0.000000] kvm-clock: Using msrs 4b564d01 and 4b564d00
[    0.000000] kvm-clock: cpu 0, msr 0:3ffe3001, primary cpu clock
[    0.000000] kvm-clock: using sched offset of 3386105873 cycles
[    0.000000] clocksource: kvm-clock: mask: 0xffffffffffffffff max_cycles: 0x1cd42e4dffb, max_idle_ns: 881590591483 ns
[    0.000000] Zone ranges:
[    0.000000]   DMA      [mem 0x0000000000001000-0x0000000000ffffff]
[    0.000000]   DMA32    [mem 0x0000000001000000-0x000000003ffeffff]
[    0.000000]   Normal   empty
[    0.000000]   Device   empty
[    0.000000] Movable zone start for each node
[    0.000000] Early memory node ranges
[    0.000000]   node   0: [mem 0x0000000000001000-0x000000000009efff]
[    0.000000]   node   0: [mem 0x0000000000100000-0x000000003ffeffff]
[    0.000000] Initmem setup node 0 [mem 0x0000000000001000-0x000000003ffeffff]
[    0.000000] ACPI: PM-Timer IO Port: 0x4008
[    0.000000] IOAPIC[0]: apic_id 2, version 32, address 0xfec00000, GSI 0-23
[    0.000000] ACPI: INT_SRC_OVR (bus 0 bus_irq 0 global_irq 2 dfl dfl)
[    0.000000] ACPI: INT_SRC_OVR (bus 0 bus_irq 9 global_irq 9 high level)
[    0.000000] Using ACPI (MADT) for SMP configuration information
[    0.000000] smpboot: Allowing 2 CPUs, 0 hotplug CPUs
[    0.000000] PM: Registered nosave memory: [mem 0x00000000-0x00000fff]
[    0.000000] PM: Registered nosave memory: [mem 0x0009f000-0x0009ffff]
[    0.000000] PM: Registered nosave memory: [mem 0x000a0000-0x000effff]
[    0.000000] PM: Registered nosave memory: [mem 0x000f0000-0x000fffff]
[    0.000000] e820: [mem 0x40000000-0xfebfffff] available for PCI devices
[    0.000000] Booting paravirtualized kernel on KVM
[    0.000000] clocksource: refined-jiffies: mask: 0xffffffff max_cycles: 0xffffffff, max_idle_ns: 7645519600211568 ns
[    0.000000] setup_percpu: NR_CPUS:512 nr_cpumask_bits:512 nr_cpu_ids:2 nr_node_ids:1
[    0.000000] PERCPU: Embedded 34 pages/cpu @ffff88003fc00000 s98328 r8192 d32744 u1048576
[    0.000000] PV qspinlock hash table entries: 256 (order: 0, 4096 bytes)
[    0.000000] Built 1 zonelists in Node order, mobility grouping on.  Total pages: 257913
[    0.000000] Policy zone: DMA32
[    0.000000] Kernel command line: BOOT_IMAGE=/boot/vmlinuz-4.4.0-93-generic root=LABEL=cloudimg-rootfs ro console=tty1 console=ttyS0
[    0.000000] PID hash table entries: 4096 (order: 3, 32768 bytes)
[    0.000000] Memory: 1001724K/1048120K available (8479K kernel code, 1294K rwdata, 3984K rodata, 1492K init, 1316K bss, 46396K reserved, 0K cma-reserved)
[    0.000000] SLUB: HWalign=64, Order=0-3, MinObjects=0, CPUs=2, Nodes=1
[    0.000000] Hierarchical RCU implementation.
[    0.000000] 	Build-time adjustment of leaf fanout to 64.
[    0.000000] 	RCU restricting CPUs from NR_CPUS=512 to nr_cpu_ids=2.
[    0.000000] RCU: Adjusting geometry for rcu_fanout_leaf=64, nr_cpu_ids=2
[    0.000000] NR_IRQS:33024 nr_irqs:440 16
[    0.000000] Console: colour VGA+ 80x25
[    0.000000] console [tty1] enabled
[    0.000000] console [ttyS0] enabled
[    0.000000] tsc: Detected 1599.998 MHz processor
[    3.080664] Calibrating delay loop (skipped) preset value.. 3199.99 BogoMIPS (lpj=6399992)
[    3.128686] pid_max: default: 32768 minimum: 301
[    3.144217] ACPI: Core revision 20150930
[    3.172311] ACPI: 2 ACPI AML tables successfully acquired and loaded
[    3.202169] Security Framework initialized
[    3.232568] Yama: becoming mindful.
[    3.249382] AppArmor: AppArmor initialized
[    3.272426] Dentry cache hash table entries: 131072 (order: 8, 1048576 bytes)
[    3.298842] Inode-cache hash table entries: 65536 (order: 7, 524288 bytes)
[    3.377526] Mount-cache hash table entries: 2048 (order: 2, 16384 bytes)
[    3.399487] Mountpoint-cache hash table entries: 2048 (order: 2, 16384 bytes)
[    3.491908] Initializing cgroup subsys io
[    3.527001] Initializing cgroup subsys memory
[    3.557855] Initializing cgroup subsys devices
[    3.583586] Initializing cgroup subsys freezer
[    3.611642] Initializing cgroup subsys net_cls
[    3.647703] Initializing cgroup subsys perf_event
[    3.668620] Initializing cgroup subsys net_prio
[    3.700914] Initializing cgroup subsys hugetlb
[    3.728555] Initializing cgroup subsys pids
[    3.777826] CPU: Physical Processor ID: 0
[    3.800697] CPU: Processor Core ID: 0
[    3.816138] mce: CPU supports 0 MCE banks
[    3.855631] Last level iTLB entries: 4KB 64, 2MB 8, 4MB 8
[    3.927946] Last level dTLB entries: 4KB 64, 2MB 0, 4MB 0, 1GB 4
[    4.001384] Freeing SMP alternatives memory: 32K (ffffffff820ba000 - ffffffff820c2000)
[    4.105496] ftrace: allocating 32136 entries in 126 pages
[    4.209610] smpboot: APIC(0) Converting physical 0 to logical package 0
[    4.287766] smpboot: Max logical packages: 1
[    4.319404] x2apic enabled
[    4.359390] Switched APIC routing to physical x2apic.
[    4.421334] ..TIMER: vector=0x30 apic1=0 pin1=2 apic2=-1 pin2=-1
[    4.607767] smpboot: CPU0: Intel(R) Core(TM) i5-5250U CPU @ 1.60GHz (family: 0x6, model: 0x3d, stepping: 0x4)
[    4.688497] Performance Events: unsupported p6 CPU model 61 no PMU driver, software events only.
[    4.771345] KVM setup paravirtual spinlock
[    4.805243] x86: Booting SMP configuration:
[    4.807642] .... node  #0, CPUs:      #1
[    4.854662] kvm-clock: cpu 1, msr 0:3ffe3041, secondary cpu clock
[    4.858349] mce: CPU supports 0 MCE banks
[    4.864361] x86: Booted up 1 node, 2 CPUs
[    4.922401] smpboot: Total of 2 processors activated (6399.99 BogoMIPS)
[    4.938952] devtmpfs: initialized
[    4.959845] evm: security.selinux
[    4.966915] evm: security.SMACK64
[    4.968296] evm: security.SMACK64EXEC
[    4.986495] evm: security.SMACK64TRANSMUTE
[    5.003934] evm: security.SMACK64MMAP
[    5.005055] evm: security.ima
[    5.006047] evm: security.capability
[    5.038524] clocksource: jiffies: mask: 0xffffffff max_cycles: 0xffffffff, max_idle_ns: 7645041785100000 ns
[    5.119305] futex hash table entries: 512 (order: 3, 32768 bytes)
[    5.161393] pinctrl core: initialized pinctrl subsystem
[    5.199961] RTC time: 10:54:26, date: 09/20/17
[    5.210872] NET: Registered protocol family 16
[    5.249036] cpuidle: using governor ladder
[    5.300754] cpuidle: using governor menu
[    5.314111] PCCT header not found.
[    5.330698] ACPI: bus type PCI registered
[    5.377086] acpiphp: ACPI Hot Plug PCI Controller Driver version: 0.5
[    5.388874] PCI: Using configuration type 1 for base access
[    5.422391] ACPI: Added _OSI(Module Device)
[    5.449405] ACPI: Added _OSI(Processor Device)
[    5.462933] ACPI: Added _OSI(3.0 _SCP Extensions)
[    5.480636] ACPI: Added _OSI(Processor Aggregator Device)
[    5.498342] ACPI: Executed 1 blocks of module-level executable AML code
[    5.533549] ACPI: Interpreter enabled
[    5.542326] ACPI: (supports S0 S5)
[    5.565751] ACPI: Using IOAPIC for interrupt routing
[    5.586312] PCI: Using host bridge windows from ACPI; if necessary, use "pci=nocrs" and report a bug
[    5.609440] ACPI: PCI Root Bridge [PCI0] (domain 0000 [bus 00-ff])
[    5.662621] acpi PNP0A03:00: _OSC: OS supports [ASPM ClockPM Segments MSI]
[    5.702410] acpi PNP0A03:00: _OSC failed (AE_NOT_FOUND); disabling ASPM
[    5.748103] acpi PNP0A03:00: fail to add MMCONFIG information, can't access extended PCI configuration space under this bridge.
[    5.816072] PCI host bridge to bus 0000:00
[    5.829122] pci_bus 0000:00: root bus resource [io  0x0000-0x0cf7 window]
[    5.831813] pci_bus 0000:00: root bus resource [io  0x0d00-0xffff window]
[    5.841600] pci_bus 0000:00: root bus resource [mem 0x000a0000-0x000bffff window]
[    5.846414] pci_bus 0000:00: root bus resource [mem 0x40000000-0xffdfffff window]
[    5.851128] pci_bus 0000:00: root bus resource [bus 00-ff]
[    5.862725] pci 0000:00:01.1: legacy IDE quirk: reg 0x10: [io  0x01f0-0x01f7]
[    5.870087] pci 0000:00:01.1: legacy IDE quirk: reg 0x14: [io  0x03f6]
[    5.885293] pci 0000:00:01.1: legacy IDE quirk: reg 0x18: [io  0x0170-0x0177]
[    5.920049] pci 0000:00:01.1: legacy IDE quirk: reg 0x1c: [io  0x0376]
[    5.977745] pci 0000:00:07.0: quirk: [io  0x4000-0x403f] claimed by PIIX4 ACPI
[    5.996141] pci 0000:00:07.0: quirk: [io  0x4100-0x410f] claimed by PIIX4 SMB
[    6.076638] ACPI: PCI Interrupt Link [LNKA] (IRQs 5 9 10 *11)
[    6.099175] ACPI: PCI Interrupt Link [LNKB] (IRQs 5 9 10 *11)
[    6.118707] ACPI: PCI Interrupt Link [LNKC] (IRQs 5 9 *10 11)
[    6.144849] ACPI: PCI Interrupt Link [LNKD] (IRQs 5 *9 10 11)
[    6.190620] ACPI: Enabled 2 GPEs in block 00 to 07
[    6.242669] vgaarb: setting as boot device: PCI:0000:00:02.0
[    6.259773] vgaarb: device added: PCI:0000:00:02.0,decodes=io+mem,owns=io+mem,locks=none
[    6.331957] vgaarb: loaded
[    6.359627] vgaarb: bridge control possible 0000:00:02.0
[    6.380133] SCSI subsystem initialized
[    6.418845] ACPI: bus type USB registered
[    6.428043] usbcore: registered new interface driver usbfs
[    6.487280] usbcore: registered new interface driver hub
[    6.495506] usbcore: registered new device driver usb
[    6.497361] PCI: Using ACPI for IRQ routing
[    6.544509] NetLabel: Initializing
[    6.560639] NetLabel:  domain hash size = 128
[    6.581789] NetLabel:  protocols = UNLABELED CIPSOv4
[    6.630839] NetLabel:  unlabeled traffic allowed by default
[    6.656266] amd_nb: Cannot enumerate AMD northbridges
[    6.731100] clocksource: Switched to clocksource kvm-clock
[    6.796254] AppArmor: AppArmor Filesystem Enabled
[    6.815982] pnp: PnP ACPI init
[    6.825150] pnp: PnP ACPI: found 3 devices
[    6.847089] clocksource: acpi_pm: mask: 0xffffff max_cycles: 0xffffff, max_idle_ns: 2085701024 ns
[    6.915727] NET: Registered protocol family 2
[    6.928294] TCP established hash table entries: 8192 (order: 4, 65536 bytes)
[    6.948673] TCP bind hash table entries: 8192 (order: 5, 131072 bytes)
[    6.982670] TCP: Hash tables configured (established 8192 bind 8192)
[    6.984391] UDP hash table entries: 512 (order: 2, 16384 bytes)
[    6.994539] UDP-Lite hash table entries: 512 (order: 2, 16384 bytes)
[    6.999351] NET: Registered protocol family 1
[    7.006559] pci 0000:00:00.0: Limiting direct PCI/PCI transfers
[    7.015028] pci 0000:00:01.0: Activating ISA DMA hang workarounds
[    7.054872] Unpacking initramfs...
[    9.298901] Freeing initrd memory: 10840K (ffff880036ac4000 - ffff88003755a000)
[    9.316588] RAPL PMU detected, API unit is 2^-32 Joules, 4 fixed counters 10737418240 ms ovfl timer
[    9.334234] hw unit of domain pp0-core 2^-0 Joules
[    9.352734] hw unit of domain package 2^-0 Joules
[    9.380555] hw unit of domain dram 2^-0 Joules
[    9.388258] hw unit of domain pp1-gpu 2^-0 Joules
[    9.399870] platform rtc_cmos: registered platform RTC device (no PNP device found)
[    9.414564] Scanning for low memory corruption every 60 seconds
[    9.428599] audit: initializing netlink subsys (disabled)
[    9.433765] audit: type=2000 audit(1505904869.962:1): initialized
[    9.442740] Initialise system trusted keyring
[    9.496510] HugeTLB registered 2 MB page size, pre-allocated 0 pages
[    9.540618] zbud: loaded
[    9.542077] VFS: Disk quotas dquot_6.6.0
[    9.544634] VFS: Dquot-cache hash table entries: 512 (order 0, 4096 bytes)
[    9.547113] squashfs: version 4.0 (2009/01/31) Phillip Lougher
[    9.571656] fuse init (API version 7.23)
[    9.600225] Key type big_key registered
[    9.646595] Allocating IMA MOK and blacklist keyrings.
[    9.678588] Key type asymmetric registered
[    9.680911] Asymmetric key parser 'x509' registered
[    9.682035] Block layer SCSI generic (bsg) driver version 0.4 loaded (major 249)
[    9.683917] io scheduler noop registered
[    9.684888] io scheduler deadline registered (default)
[    9.686133] io scheduler cfq registered
[    9.710284] pci_hotplug: PCI Hot Plug PCI Core version: 0.5
[    9.751429] pciehp: PCI Express Hot Plug Controller Driver version: 0.4
[    9.753697] ACPI: AC Adapter [AC] (off-line)
[    9.761912] input: Power Button as /devices/LNXSYSTM:00/LNXPWRBN:00/input/input0
[    9.828362] ACPI: Power Button [PWRF]
[    9.849218] input: Sleep Button as /devices/LNXSYSTM:00/LNXSLPBN:00/input/input1
[    9.932426] ACPI: Sleep Button [SLPF]
[    9.997828] GHES: HEST is not enabled!
[    9.998886] ACPI: Battery Slot [BAT0] (battery present)
[   10.171387] Serial: 8250/16550 driver, 32 ports, IRQ sharing enabled
[   10.232635] 00:02: ttyS0 at I/O 0x3f8 (irq = 4, base_baud = 115200) is a 16550A
[   10.319830] Linux agpgart interface v0.103
[   10.394597] loop: module loaded
[   10.399250] tsc: Refined TSC clocksource calibration: 1599.293 MHz
[   10.399253] clocksource: tsc: mask: 0xffffffffffffffff max_cycles: 0x170d8925788, max_idle_ns: 440795240406 ns
[   10.473627] scsi host0: ata_piix
[   10.478506] scsi host1: ata_piix
[   10.483413] ata1: PATA max UDMA/33 cmd 0x1f0 ctl 0x3f6 bmdma 0xd000 irq 14
[   10.485702] ata2: PATA max UDMA/33 cmd 0x170 ctl 0x376 bmdma 0xd008 irq 15
[   10.499469] libphy: Fixed MDIO Bus: probed
[   10.504599] tun: Universal TUN/TAP device driver, 1.6
[   10.516077] tun: (C) 1999-2004 Max Krasnyansky <maxk@qualcomm.com>
[   10.529119] PPP generic driver version 2.4.2
[   10.541110] ehci_hcd: USB 2.0 'Enhanced' Host Controller (EHCI) Driver
[   10.555564] ehci-pci: EHCI PCI platform driver
[   10.561847] ehci-platform: EHCI generic platform driver
[   10.574528] ohci_hcd: USB 1.1 'Open' Host Controller (OHCI) Driver
[   10.587315] ohci-pci: OHCI PCI platform driver
[   10.590220] ohci-platform: OHCI generic platform driver
[   10.602183] uhci_hcd: USB Universal Host Controller Interface driver
[   10.605907] i8042: PNP: PS/2 Controller [PNP0303:PS2K,PNP0f03:PS2M] at 0x60,0x64 irq 1,12
[   10.614871] serio: i8042 KBD port at 0x60,0x64 irq 1
[   10.645219] serio: i8042 AUX port at 0x60,0x64 irq 12
[   10.646637] mousedev: PS/2 mouse device common for all mice
[   10.659445] input: AT Translated Set 2 keyboard as /devices/platform/i8042/serio0/input/input2
[   10.689845] rtc_cmos rtc_cmos: rtc core: registered rtc_cmos as rtc0
[   10.780235] rtc_cmos rtc_cmos: alarms up to one day, 114 bytes nvram
[   10.813912] i2c /dev entries driver
[   10.854358] device-mapper: uevent: version 1.0.3
[   10.912300] device-mapper: ioctl: 4.34.0-ioctl (2015-10-28) initialised: dm-devel@redhat.com
[   10.949025] ledtrig-cpu: registered to indicate activity on CPUs
[   10.982622] NET: Registered protocol family 10
[   10.989947] NET: Registered protocol family 17
[   11.032112] Key type dns_resolver registered
[   11.033470] microcode: CPU0 sig=0x306d4, pf=0x40, revision=0x0
[   11.051286] microcode: CPU1 sig=0x306d4, pf=0x40, revision=0x0
[   11.052852] microcode: Microcode Update Driver: v2.01 <tigran@aivazian.fsnet.co.uk>, Peter Oruba
[   11.055725] registered taskstats version 1
[   11.073789] Loading compiled-in X.509 certificates
[   11.097521] Loaded X.509 cert 'Build time autogenerated kernel key: a6f98c496ad22cf23b77f8fe21ff88c41791cbd4'
[   11.116106] zswap: loaded using pool lzo/zbud
[   11.119719] Key type trusted registered
[   11.144344] Key type encrypted registered
[   11.165749] AppArmor: AppArmor sha1 policy hashing enabled
[   11.182579] ima: No TPM chip found, activating TPM-bypass!
[   11.208752] evm: HMAC attrs: 0x1
[   11.246682]   Magic number: 1:472:932
[   11.277565] rtc_cmos rtc_cmos: setting system clock to 2017-09-20 10:54:32 UTC (1505904872)
[   11.280345] BIOS EDD facility v0.16 2004-Jun-25, 0 devices found
[   11.287274] EDD information not available.
[   11.292961] Freeing unused kernel memory: 1492K (ffffffff81f45000 - ffffffff820ba000)
[   11.301790] Write protecting the kernel read-only data: 14336k
[   11.307365] Freeing unused kernel memory: 1748K (ffff88000184b000 - ffff880001a00000)
[   11.315277] Freeing unused kernel memory: 112K (ffff880001de4000 - ffff880001e00000)
Loading, please [   11.404094] random: systemd-udevd: uninitialized urandom read (16 bytes read, 5 bits of entropy available)
wait...
startin[   11.404816] random: udevadm: uninitialized urandom read (16 bytes read, 5 bits of entropy available)
g version 229
[   11.404854] random: udevadm: uninitialized urandom read (16 bytes read, 5 bits of entropy available)
[   11.405026] random: udevadm: uninitialized urandom read (16 bytes read, 5 bits of entropy available)
[   11.405070] random: udevadm: uninitialized urandom read (16 bytes read, 5 bits of entropy available)
[   11.405110] random: udevadm: uninitialized urandom read (16 bytes read, 5 bits of entropy available)
[   11.405149] random: udevadm: uninitialized urandom read (16 bytes read, 5 bits of entropy available)
[   11.405189] random: udevadm: uninitialized urandom read (16 bytes read, 5 bits of entropy available)
[   11.405225] random: udevadm: uninitialized urandom read (16 bytes read, 5 bits of entropy available)
[   11.405262] random: udevadm: uninitialized urandom read (16 bytes read, 5 bits of entropy available)
[   11.742486] e1000: Intel(R) PRO/1000 Network Driver - version 7.3.21-k8-NAPI
[   11.751744] e1000: Copyright (c) 1999-2006 Intel Corporation.
[   11.787899] Fusion MPT base driver 3.04.20
[   11.794820] Copyright (c) 1999-2008 LSI Corporation
[   11.810269] Fusion MPT SPI Host driver 3.04.20
[   11.821097] AVX version of gcm_enc/dec engaged.
[   11.828501] AES CTR mode by8 optimization enabled
[   12.016586] input: ImExPS/2 Generic Explorer Mouse as /devices/platform/i8042/serio1/input/input4
[   12.199127] e1000 0000:00:03.0 eth0: (PCI:33MHz:32-bit) 02:04:e4:df:e4:d8
[   12.235052] e1000 0000:00:03.0 eth0: Intel(R) PRO/1000 Network Connection
[   12.690651] e1000 0000:00:08.0 eth1: (PCI:33MHz:32-bit) 08:00:27:e8:ac:91
[   12.710801] e1000 0000:00:08.0 eth1: Intel(R) PRO/1000 Network Connection
[   12.714272] mptbase: ioc0: Initiating bringup
[   12.714600] e1000 0000:00:03.0 enp0s3: renamed from eth0
[   12.819684] e1000 0000:00:08.0 enp0s8: renamed from eth1
[   12.871776] ioc0: LSI53C1030 A0: Capabilities={Initiator}
[   13.111194] scsi host2: ioc0: LSI53C1030 A0, FwRev=00000000h, Ports=1, MaxQ=256, IRQ=20
[   13.292677] scsi 2:0:0:0: Direct-Access     VBOX     HARDDISK         1.0  PQ: 0 ANSI: 5
[   13.311263] scsi target2:0:0: Beginning Domain Validation
[   13.352936] scsi target2:0:0: Domain Validation skipping write tests
[   13.434462] scsi target2:0:0: Ending Domain Validation
[   13.511144] scsi target2:0:0: asynchronous
[   13.569134] scsi 2:0:1:0: Direct-Access     VBOX     HARDDISK         1.0  PQ: 0 ANSI: 5
[   13.608766] scsi target2:0:1: Beginning Domain Validation
[   13.709081] scsi target2:0:1: Domain Validation skipping write tests
[   13.824416] scsi target2:0:1: Ending Domain Validation
[   13.870208] scsi target2:0:1: asynchronous
[   13.917878] sd 2:0:0:0: Attached scsi generic sg0 type 0
[   13.947306] sd 2:0:0:0: [sda] 20971520 512-byte logical blocks: (10.7 GB/10.0 GiB)
[   13.974412] sd 2:0:1:0: Attached scsi generic sg1 type 0
[   14.031836] sd 2:0:1:0: [sdb] 20480 512-byte logical blocks: (10.5 MB/10.0 MiB)
[   14.084436] sd 2:0:0:0: [sda] Write Protect is off
[   14.084854] sd 2:0:1:0: [sdb] Write Protect is off
[   14.084967] sd 2:0:1:0: [sdb] Incomplete mode parameter data
[   14.084968] sd 2:0:1:0: [sdb] Assuming drive cache: write through
[   14.118788] sd 2:0:1:0: [sdb] Attached SCSI disk
[   14.285155] sd 2:0:0:0: [sda] Incomplete mode parameter data
[   14.374581] sd 2:0:0:0: [sda] Assuming drive cache: write through
[   14.452379]  sda: sda1
[   14.497838] sd 2:0:0:0: [sda] Attached SCSI disk
[   14.807353] floppy0: no floppy controllers found
Begin: Loading e[   16.313357] md: linear personality registered for level -1
ssential drivers ... [   16.384755] md: multipath personality registered for level -4
[   16.458573] md: raid0 personality registered for level 0
[   16.514141] md: raid1 personality registered for level 1
[   16.611184] raid6: sse2x1   gen()  6706 MB/s
[   16.723290] raid6: sse2x1   xor()  5420 MB/s
[   16.839316] raid6: sse2x2   gen()  9555 MB/s
[   16.967347] raid6: sse2x2   xor()  6240 MB/s
[   17.071368] raid6: sse2x4   gen() 10234 MB/s
[   17.195180] raid6: sse2x4   xor()  7469 MB/s
[   17.235915] raid6: using algorithm sse2x4 gen() 10234 MB/s
[   17.288340] raid6: .... xor() 7469 MB/s, rmw enabled
[   17.300175] raid6: using ssse3x2 recovery algorithm
[   17.303298] xor: automatically using best checksumming function:
[   17.351200]    avx       : 10353.000 MB/sec
[   17.372229] async_tx: api initialized (async)
[   17.446054] md: raid6 personality registered for level 6
[   17.503978] md: raid5 personality registered for level 5
[   17.524232] md: raid4 personality registered for level 4
[   17.562640] md: raid10 personality registered for level 10
done.
Begin: Running /scripts/init-premount ... done.
Begin: Mounting root file system ... Begin: Running /scripts/[   17.653878] Btrfs loaded
local-top ... done.
Begin: Running /scripts/local-premount ... Scanning for Btrfs filesystems
done.
Warning: fsck no[   17.737864] EXT4-fs (sda1): mounted filesystem with ordered data mode. Opts: (null)
t present, so skipping root file system
done.
Begin: Running /scripts/local-bottom ... done.
Begin: Running /scripts/init-bottom ... done.
[   17.911637] systemd[1]: systemd 229 running in system mode. (+PAM +AUDIT +SELINUX +IMA +APPARMOR +SMACK +SYSVINIT +UTMP +LIBCRYPTSETUP +GCRYPT +GNUTLS +ACL +XZ -LZ4 +SECCOMP +BLKID +ELFUTILS +KMOD -IDN)
[   18.118797] systemd[1]: Detected virtualization oracle.
[   18.159339] systemd[1]: Detected architecture x86-64.

Welcome to [1mUbuntu 16.04.3 LTS[0m!

[   18.244429] systemd[1]: Set hostname to <ubuntu>.
[   18.284530] systemd[1]: Initializing machine ID from random generator.
[   18.362319] systemd[1]: Installed transient /etc/machine-id file.
[   18.762683] systemd[1]: Listening on LVM2 poll daemon socket.
[[0;32m  OK  [0m] Listening on LVM2 poll daemon socket.
[   18.856066] systemd[1]: Created slice User and Session Slice.
[[0;32m  OK  [0m] Created slice User and Session Slice.
[   18.935659] systemd[1]: Set up automount Arbitrary Executable File Formats File System Automount Point.
[[0;32m  OK  [0m] Set up automount Arbitrary Executab...ats File System Automount Point.
[   19.044262] systemd[1]: Reached target Swap.
[[0;32m  OK  [0m] Reached target Swap.
[   19.088205] systemd[1]: Listening on Syslog Socket.
[[0;32m  OK  [0m] Listening on Syslog Socket.
[   19.148873] systemd[1]: Listening on /dev/initctl Compatibility Named Pipe.
[[0;32m  OK  [0m] Listening on /dev/initctl Compatibility Named Pipe.
[   19.207794] systemd[1]: Listening on Journal Socket.
[[0;32m  OK  [0m] Listening on Journal Socket.
[   19.272944] systemd[1]: Created slice System Slice.
[[0;32m  OK  [0m] Created slice System Slice.
[   19.363425] systemd[1]: Mounting POSIX Message Queue File System...
[   19.365069] random: nonblocking pool is initialized
         Mounting POSIX Message Queue File System...
[   19.396153] systemd[1]: Reached target Slices.
[[0;32m  OK  [0m] Reached target Slices.
[   19.455578] systemd[1]: Starting Create list of required static device nodes for the current kernel...
         Starting Create list of required st... nodes for the current kernel...
[   19.588099] systemd[1]: Starting Load Kernel Modules...
[   19.602358] Loading iSCSI transport class v2.0-870.
         Starting Load Kernel Mo[   19.685884] iscsi: registered transport (tcp)
dules...
[   19.723080] systemd[1]: Mounting Debug File System...
         Mounting Debug File System...
[   19.763574] iscsi: registered transport (iser)
[   19.784086] systemd[1]: Starting Set console keymap...
         Starting Set console keymap...
[   19.834765] systemd[1]: Starting Nameserver information manager...
         Starting Nameserver information manager...
[   19.859181] systemd[1]: Starting Remount Root and Kernel File Systems...
[   19.863592] EXT4-fs (sda1): re-mounted. Opts: (null)
         Starting Remount Root and Kernel File Systems...
[   19.919745] systemd[1]: Starting Uncomplicated firewall...
         Starting Uncomplicated firewall...
[   20.016264] systemd[1]: Created slice system-serial\x2dgetty.slice.
[[0;32m  OK  [0m] Created slice system-serial\x2dgetty.slice.
[   20.107300] systemd[1]: Mounting Huge Pages File System...
         Mounting Huge Pages File System...
[   20.139855] systemd[1]: Listening on udev Control Socket.
[[0;32m  OK  [0m] Listening on udev Control Socket.
[   20.211928] systemd[1]: Listening on Device-mapper event daemon FIFOs.
[[0;32m  OK  [0m] Listening on Device-mapper event daemon FIFOs.
[   20.291767] systemd[1]: Reached target Encrypted Volumes.
[[0;32m  OK  [0m] Reached target Encrypted Volumes.
[   20.364132] systemd[1]: Listening on udev Kernel Socket.
[[0;32m  OK  [0m] Listening on udev Kernel Socket.
[   20.451737] systemd[1]: Started Trigger resolvconf update for networkd DNS.
[[0;32m  OK  [0m] Started Trigger resolvconf update for networkd DNS.
[   20.599818] systemd[1]: Listening on Journal Socket (/dev/log).
[[0;32m  OK  [0m] Listening on Journal Socket (/dev/log).
[   20.634441] systemd[1]: Listening on Journal Audit Socket.
[[0;32m  OK  [0m] Listening on Journal Audit Socket.
[   20.707835] systemd[1]: Starting Journal Service...
         Starting Journal Service...
[   20.747714] systemd[1]: Started Forward Password Requests to Wall Directory Watch.
[[0;32m  OK  [0m] Started Forward Password Requests to Wall Directory Watch.
[   20.823550] systemd[1]: Reached target User and Group Name Lookups.
[[0;32m  OK  [0m] Reached target User and Group Name Lookups.
[   20.863392] systemd[1]: Listening on LVM2 metadata daemon socket.
[[0;32m  OK  [0m] Listening on LVM2 metadata daemon socket.
[   20.915748] systemd[1]: Starting Monitoring of LVM2 mirrors, snapshots etc. using dmeventd or progress polling...
         Starting Monitoring of LVM2 mirrors... dmeventd or progress polling...
[   21.057691] systemd[1]: Mounted Huge Pages File System.
[[0;32m  OK  [0m] Mounted Huge Pages File System.
[   21.107878] systemd[1]: Mounted POSIX Message Queue File System.
[[0;32m  OK  [0m] Mounted POSIX Message Queue File System.
[   21.243991] systemd[1]: Mounted Debug File System.
[[0;32m  OK  [0m] Mounted Debug File System.
[   21.364143] systemd[1]: Started Journal Service.
[[0;32m  OK  [0m] Started Journal Service.
[[0;32m  OK  [0m] Started Create list of required sta...ce nodes for the current kernel.
[[0;32m  OK  [0m] Started Load Kernel Modules.
[[0;32m  OK  [0m] Started Set console keymap.
[[0;32m  OK  [0m] Started Remount Root and Kernel File Systems.
[[0;32m  OK  [0m] Started Uncomplicated firewall.
[[0;32m  OK  [0m] Started Nameserver information manager.
[[0;32m  OK  [0m] Started LVM2 metadata daemon.
         Starting udev Coldplug all Devices...
         Starting Initial cloud-init job (pre-networking)...
         Starting Load/Save Random Seed...
         Mounting FUSE Control File System...
         Starting Apply Kernel Variables...
         Starting Create Static Device Nodes in /dev...
         Starting Flush Journal to Persistent Storage...
[[0;32m  OK  [0m] Mounted FUSE Control File System.
[[0;32m  OK  [0m] Started Load/Save Random Seed.
[[0;32m  OK  [0m] Started Apply Kernel Variables.
[[0;32m  OK  [0m] Started Create Static Device Nodes in /dev.
[[0;32m  OK  [0m] Started udev Coldplug all Devices.
[[0;32m  OK  [0m] Started Flush Journal to Persistent Storage.
[[0;32m  OK  [0m] Started Monitoring of LVM2 mirrors,...ng dmeventd or progress polling.
         Starting udev Kernel Device Manager...
[[0;32m  OK  [0m] Started udev Kernel Device Manager.
[[0;32m  OK  [0m] Started Dispatch Password Requests to Console Directory Watch.
[[0;32m  OK  [0m] Reached target Local File Systems (Pre).
[[0;32m  OK  [0m] Reached target Local File Systems.
         Starting Set console font and keymap...
         Starting Create Volatile Files and Directories...
         Starting Tell Plymouth To Write Out Runtime Data...
         Starting LSB: AppArmor initialization...
         Starting Commit a transient machine-id on disk...
[[0;32m  OK  [0m] Started Create Volatile Files and Directories.
[[0;32m  OK  [0m] Started Tell Plymouth To Write Out Runtime Data.
[[0;32m  OK  [0m] Started Commit a transient machine-id on disk.
[[0;32m  OK  [0m] Found device /dev/ttyS0.
[   17.485856] cloud-init[448]: Cloud-init v. 0.7.9 running 'init-local' at Wed, 20 Sep 2017 10:54:44 +0000. Up 16.95 seconds.
[[0;32m  OK  [0m] Started Initial cloud-init job (pre-networking).
[[0;32m  OK  [0m] Started Set console font and keymap.
[[0;32m  OK  [0m] Created slice system-getty.slice.
[[0;32m  OK  [0m] Reached target Network (Pre).
[[0;32m  OK  [0m] Listening on Load/Save RF Kill Switch Status /dev/rfkill Watch.
         Starting Update UTMP about System Boot/Shutdown...
[[0;32m  OK  [0m] Reached target System Time Synchronized.
[[0;32m  OK  [0m] Started LSB: AppArmor initialization.
[[0;32m  OK  [0m] Started Update UTMP about System Boot/Shutdown.
         Starting Raise network interfaces...
[[0;32m  OK  [0m] Started Raise network interfaces.
[[0;32m  OK  [0m] Reached target Network.
         Starting Initial cloud-init job (metadata service crawler)...
[   20.906873] cloud-init[936]: Cloud-init v. 0.7.9 running 'init' at Wed, 20 Sep 2017 10:54:47 +0000. Up 20.04 seconds.
[   20.956607] cloud-init[936]: ci-info: +++++++++++++++++++++++++++++++++++++Net device info++++++++++++++++++++++++++++++++++++++
[   21.030975] cloud-init[936]: ci-info: +--------+-------+---------------------------+---------------+-------+-------------------+
[   21.113292] cloud-init[936]: ci-info: | Device |   Up  |          Address          |      Mask     | Scope |     Hw-Address    |
[[0;32m  OK  [0m] Started Initial cloud-init job (metadata service crawler).
[   21.188244] cloud-init[936]: ci-info: +--------+-------+---------------------------+---------------+-------+-------------------+
[   21.292574] cloud-init[936]: ci-info: | enp0s3 |  True |         10.0.2.15         | 255.255.255.0 |   .   | 02:04:e4:df:e4:d8 |
[   21.328418] cloud-init[936]: ci-info: | enp0s3 |  True | fe80::4:e4ff:fedf:e4d8/64 |       .       |  link | 02:04:e4:df:e4:d8 |
[[0;32m  OK  [0m] Reached target System Initialization.
[[0;32m  OK  [0m] Listening on D-Bus System Message Bus Socket.
[   21.415688] cloud-init[936]: ci-info: |   lo   |  True |         127.0.0.1         |   255.0.0.0   |   .   |         .         |
[   21.552553] cloud-init[936]: ci-info: |   lo   |  True |          ::1/128          |       .       |  host |         .         |
[   21.628499] cloud-init[936]: ci-info: | enp0s8 | False |             .             |       .       |   .   | 08:00:27:e8:ac:91 |
[[0;32m  OK  [0m] Started ACPI Events Check.
[[0;32m  OK  [0m] Reached target Paths.
[[0;32m  OK  [0m] Listening on ACPID Listen Socket.
[[0;32m  OK  [0m] Started Timer to automatically refresh installed snaps.
[   21.673830] cloud-init[936]: ci-info: +--------+-------+---------------------------+---------------+-------+-------------------+
[   21.796696] cloud-init[936]: ci-info: +++++++++++++++++++++++++++Route IPv4 info++++++++++++++++++++++++++++
[   21.832009] cloud-init[936]: ci-info: +-------+-------------+----------+---------------+-----------+-------+
[   21.888794] cloud-init[936]: ci-info: | Route | Destination | Gateway  |    Genmask    | Interface | Flags |
         Starting LXD - unix socket.
         Starting Socket activation for snappy daemon.
[[0;32m  OK  [0m] Listening on UUID daemon activation socket.
[   21.921869] cloud-init[936]: ci-info: +-------+-------------+----------+---------------+-----------+-------+
[   22.040463] [cloud-init[0;32m  OK  [0m[936]: ] ci-info: |   0   |   0.0.0.0   | 10.0.2.2 |    0.0.0.0    |   enp0s3  |   UG  |Started Daily Cleanup of Temporary Directories.

[[0;32m  OK  [0m] Reached target Network is Online.
[   22.041189] cloud-init[936]: ci-info: |   1   |   10.0.2.0  | 0.0.0.0  | 255.255.255.0 |   enp0s3  |   U   |
[   22.186266]          cloud-initStarting iSCSI initiator daemon (iscsid)...[936]: 
ci-info: +-------+-------------+----------+---------------+-----------+-------+
[   22.292571] [cloud-init[0;32m  OK  [0m[936]: ] Generating public/private rsa key pair.Started Daily apt download activities.

[   22.293352] [cloud-init[0;32m  OK  [0m[936]: ] Your identification has been saved in /etc/ssh/ssh_host_rsa_key.Started Daily apt upgrade and clean activities.

[[0;32m  OK  [0m] Reached target Timers.
[[0;32m  OK  [0m] Reached target Cloud-config availability.
[   22.353883] cloud-init[936]: Your public key has been saved in /etc/ssh/ssh_host_rsa_key.pub.
[   22.464491] [cloud-init[0;32m  OK  [0m[936]: ] The key fingerprint is:Listening on LXD - unix socket.

[[0;32m  OK  [0m] Listening on Socket activation for snappy daemon.
[   22.465360] cloud-init[936]: SHA256:i6LKsFceaGsRBIpbpmYyMzaQa4RoU5HJ3g6WQ5RRaRQ root@ubuntu-xenial
[   22.552607] cloud-init[936]: The key's randomart image is:
[   22.580606] cloud-init[936]: +---[RSA 2048]----+
[   22.608826] cloud-init[936]: |..o=OEo          |
[   22.628839] cloud-init[936]: |=.o* o           |
[   22.660635] cloud-init[936]: |B== +            |
[   22.680533] cloud-init[936]: |+*o* .           |
[[0;32m  OK  [0m] Started iSCSI initiator daemon (iscsid).
[   22.700025] cloud-init[936]: |O*.o+   S        |
[   22.768460] cloud-init[936]: |*+= o. . .       |
[   22.813149] cloud-init[936]: |.. =... .        |
[   22.873011] cloud-init[936]: |o.+...           |
         Starting Login to default iSCSI targets...
[[0;32m  OK  [0m] Reached target Sockets.
[[0;32m  OK  [0m] Reached target Basic System.
[   22.912291] cloud-init[936]: |o=.              |
[   23.020473] cloud-init         [936]: Starting Accounts Service...+----[SHA256]-----+

[   23.068327] cloud-init[936]: Generating public/private dsa key pair.
[   23.068811] cloud-init         [936]: Starting Pollinate to seed the pseudo random number generator...Your identification has been saved in /etc/ssh/ssh_host_dsa_key.

[   23.069275] cloud-init[936]: Your public key has been saved in /etc/ssh/ssh_host_dsa_key.pub.
[   23.228248] cloud-init[936]: The key fingerprint is:
[   23.228963] cloud-init[936]: SHA256:t86CSz4fxADFYDZkv6WjYZcrG7tVySB/6Fp+dJjlDFM root@ubuntu-xenial
[   23.229039] cloud-init[936]: The key's randomart image is:
[   23.229180] cloud-init[936]: +---[DSA 1024]----+
[   23.229602] cloud-init[936]: |   .O+.          |
[   23.229685] cloud-init[936]: |   + +.   E      |
[   23.229746] cloud-init[936]: |    . + ..       |
[   23.229806] cloud-init[936]: |     o @o..      |
[   23.229866] cloud-init[936]: |    o O SO.      |
[   23.229927] cloud-init[936]: |   . = *+.+.     |
[   23.229988] cloud-init[936]: |    + *o...      |
[   23.230047] cloud-init[936]: |     %o o+       |
[   23.230213] cloud-init[936]: |    =.+=..o      |
[   23.230285] cloud-init[936]: +----[SHA256]-----+
[   23.230349] cloud-init[936]: Generating public/private ecdsa key pair.
[   23.230531] cloud-init[936]: Your identification has been saved in /etc/ssh/ssh_host_ecdsa_key.
[   23.230798] cloud-init[936]: Your public key has been saved in /etc/ssh/ssh_host_ecdsa_key.pub.
[   23.231001] cloud-init[936]: The key fingerprint is:
[   23.231246] cloud-init[936]: SHA256:uIh3D8kIGqJjqzspGIyhkowonTxlPTJUPdTlTShkc9I root@ubuntu-xenial
[   23.231293] cloud-init[936]: The key's randomart image is:
[   23.231328] cloud-init[936]: +---[ECDSA 256]---+
[   23.231383] cloud-init[936]: |     ..o.o=oo..  |
[   23.231440] cloud-init[936]: |    .   o.o=Eo   |
[   23.231503] cloud-init[936]: |   . .   . .. .  |
[   23.231560] cloud-init[936]: |.   = o.         |
[   23.231615] cloud-init[936]: |X=.+ o..S        |
[   23.231674] cloud-init[936]: |%==o + o         |
[   23.231793] cloud-init[936]: |B+..+ *          |
         Starting LSB: MD monitoring daemon...
[   23.232245] cloud-init[936]: |*... . o         |
[   23.752615]          cloud-initStarting Apply the settings specified in cloud-config...[936]: 
|=+      .        |
[   23.799501]          cloud-initStarting LSB: Record successful boot for GRUB...[936]: 
+----[SHA256]-----+
[   23.811765] cloud-init[936]: Generating public/private ed25519 key pair.
         Starting Login Service...
[[0;32m  OK  [0m] Started Unattended Upgrades Shutdown.
[   23.831355] cloud-init[936]: Your identification has been saved in /etc/ssh/ssh_host_ed25519_key.
[   23.912401] cloud-init[936]: Your public key has been saved in /etc/ssh/ssh_host_ed25519_key.pub.
         Starting /etc/rc.local Compatibility...
[   23.972679] cloud-init[936]: The key fingerprint is:
[   23.991021] cloud-init[936]: SHA256:wEIoKS+XB8oLK3HjDdORcjHp1d8nCUAdz2qDnrECa3c root@ubuntu-xenial
[   24.048709] [cloud-init[0;32m  OK  [0m[936]: ] The key's randomart image is:Started Deferred execution scheduler.

[   24.072903] [[0;32m  OK  [0m] Started Snappy daemon.
cloud-init[936]: +--[ED25519 256]--+
[[0;32m  OK  [0m] Started D-Bus System Message Bus.
[   24.101762] cloud-init[936]: | . .++ ooo..     |
[   24.120736] cloud-init[936]: |+ +.=o. . oo     |
[   24.133581] cloud-init[936]: |o+ B.oo  . oo.   |
[   24.169010] [cloud-init[0;32m  OK  [0m[936]: ] |=.O +. . ...+ .  |Started Regular background program processing daemon.

[   24.169742] cloud-init[936]: |.B.*.   S +  o   |
[   24.274998] [[0;32m  OK  [0m] Started FUSE filesystem for LXC.
cloud-init[936]: |o.. .o . = .     |
[   24.297125]          cloud-initStarting Auto import assertions from block devices...[936]: 
|.   o o E        |
[   24.308924]          Starting System Logging Service...
cloud-init         Starting LXD - container startup/shutdown...
[936]: |   . . o         |
[   24.329461] [cloud-init[0;32m  OK  [0m[936]: ] |                 |Started ACPI event daemon.

[   24.330390] cloud-init[936]: +----[SHA256]-----+
[[0;32m  OK  [0m] Started Pollinate to seed the pseudo random number generator.
[[0;32m  OK  [0m] Started /etc/rc.local Compatibility.
[[0;32m  OK  [0m] Started System Logging Service.
[[0;32m  OK  [0m] Started Auto import assertions from block devices.
[[0;32m  OK  [0m] Started Login to default iSCSI targets.
[[0;32m  OK  [0m] Started LSB: MD monitoring daemon.
[[0;32m  OK  [0m] Started LSB: Record successful boot for GRUB.
[[0;32m  OK  [0m] Started LXD - container startup/shutdown.
[[0;32m  OK  [0m] Started Login Service.
         Starting Authenticate and Authorize Users to Run Privileged Tasks...
[[0;32m  OK  [0m] Reached target Remote File Systems (Pre).
[[0;32m  OK  [0m] Reached target Remote File Systems.
         Starting LSB: Set the CPU Frequency Scaling governor to "ondemand"...
         Starting LSB: daemon to balance interrupts for SMP systems...
         Starting LSB: automatic crash report generation...
         Starting Permit User Sessions...
         Starting LSB: VirtualBox Linux Additions...
         Starting OpenBSD Secure Shell server...
[[0;32m  OK  [0m] Started Permit User Sessions.
[[0;32m  OK  [0m] Started Authenticate and Authorize Users to Run Privileged Tasks.
[[0;32m  OK  [0m] Started OpenBSD Secure Shell server.
[[0;32m  OK  [0m] Started Accounts Service.
[   24.967831] cloud-init[1099]: Generating locales (this might take a while)...
[[0;32m  OK  [0m] Started LSB: Set the CPU Frequency Scaling governor to "ondemand".
[[0;32m  OK  [0m] Started LSB: daemon to balance interrupts for SMP systems.
         Starting Terminate Plymouth Boot Screen...
         Starting Hold until boot process finishes up...
[[0;32m  OK  [0m] Started LSB: automatic crash report generation.
[[0;32m  OK  [0m] Started Terminate Plymouth Boot Screen.
[[0;32m  OK  [0m] Started Hold until boot process finishes up.
         Starting Set console scheme...
[[0;32m  OK  [0m] Started Getty on tty1.
[[0;32m  OK  [0m] Started Serial Getty on ttyS0.
[[0;32m  OK  [0m] Reached target Login Prompts.
[[0;32m  OK  [0m] Started LSB: VirtualBox Linux Additions.
[[0;32m  OK  [0m] Started Set console scheme.
[[0;32m  OK  [0m] Reached target Multi-User System.
[[0;32m  OK  [0m] Reached target Graphical Interface.
         Starting Update UTMP about System Runlevel Changes...
[[0;32m  OK  [0m] Started Update UTMP about System Runlevel Changes.
[   26.472801] cloud-init[1099]:   en_US.UTF-8... done
[   26.517272] cloud-init[1099]: Generation complete.
         Stopping OpenBSD Secure Shell server...
[[0;32m  OK  [0m] Stopped OpenBSD Secure Shell server.
         Starting OpenBSD Secure Shell server...
[[0;32m  OK  [0m] Started OpenBSD Secure Shell server.
[[0;32m  OK  [0m] Created slice User Slice of ubuntu.
         Starting User Manager for UID 1000...
[[0;32m  OK  [0m] Started Session 1 of user ubuntu.
[[0;32m  OK  [0m] Started User Manager for UID 1000.
[   27.135241] cloud-init[1099]: Cloud-init v. 0.7.9 running 'modules:config' at Wed, 20 Sep 2017 10:54:52 +0000. Up 24.71 seconds.
[[0;32m  OK  [0m] Started Apply the settings specified in cloud-config.
         Starting Execute cloud user/final scripts...
ci-info: no authorized ssh keys fingerprints found for user ubuntu.
<14>Sep 20 10:54:55 ec2: 
<14>Sep 20 10:54:55 ec2: #############################################################
<14>Sep 20 10:54:55 ec2: -----BEGIN SSH HOST KEY FINGERPRINTS-----
<14>Sep 20 10:54:55 ec2: 1024 SHA256:t86CSz4fxADFYDZkv6WjYZcrG7tVySB/6Fp+dJjlDFM root@ubuntu-xenial (DSA)
<14>Sep 20 10:54:55 ec2: 256 SHA256:uIh3D8kIGqJjqzspGIyhkowonTxlPTJUPdTlTShkc9I root@ubuntu-xenial (ECDSA)
<14>Sep 20 10:54:55 ec2: 256 SHA256:wEIoKS+XB8oLK3HjDdORcjHp1d8nCUAdz2qDnrECa3c root@ubuntu-xenial (ED25519)
<14>Sep 20 10:54:55 ec2: 2048 SHA256:i6LKsFceaGsRBIpbpmYyMzaQa4RoU5HJ3g6WQ5RRaRQ root@ubuntu-xenial (RSA)
<14>Sep 20 10:54:55 ec2: -----END SSH HOST KEY FINGERPRINTS-----
<14>Sep 20 10:54:55 ec2: #############################################################
-----BEGIN SSH HOST KEY KEYS-----
ecdsa-sha2-nistp256 AAAAE2VjZHNhLXNoYTItbmlzdHAyNTYAAAAIbmlzdHAyNTYAAABBBNpOIpLtApbhfsATpR/3naObbmt1hqpraaq3UqrKD41PJOkHP+8WY1tCSa1L4UMCLHhqNQdPdYFwKqV+rshGbx4= root@ubuntu-xenial
ssh-ed25519 AAAAC3NzaC1lZDI1NTE5AAAAIDEqsoNLZJOMx32wzAVhOwQsZ48Ox+iqeSKo7bDtVM7Y root@ubuntu-xenial
ssh-rsa AAAAB3NzaC1yc2EAAAADAQABAAABAQCZ+HdTcl67Vm4DHhwO7NFSCSwChB2KQgoAfsANmtBPxiVxIWzY9W1oD7QP4pTo8OLu8P84hWFD2v/8rjzfSXHiRhFWBJDSoT4B7AJ86FhDJ/I+iEr484goD3OZLhIsJjasgdLV+We2oEri92HHvNyBNKP3vKGVxJ82PhATyup5aNLaM8xth7xvW1ExHBnRsQI3Ba0xm+sx0AB8JKb3nNrhdW0MdPbmoqSiFmIL3HvXo4qnGEYhoPap/XjF7ggVVzkuLRaTSllv3Mgbte8pA93Arovt7y9kGqkkipjxRbJ+IHNGYkoW0W+efE4lzfiNahIW9Q2hsHhOuqMhMzhhtdej root@ubuntu-xenial
-----END SSH HOST KEY KEYS-----
[   28.991699] cloud-init[1350]: Cloud-init v. 0.7.9 running 'modules:final' at Wed, 20 Sep 2017 10:54:55 +0000. Up 27.89 seconds.
[   29.097094] cloud-init[1350]: ci-info: no authorized ssh keys fingerprints found for user ubuntu.
[   29.097502] cloud-init[1350]: Cloud-init v. 0.7.9 finished at Wed, 20 Sep 2017 10:54:56 +0000. Datasource DataSourceNoCloud [seed=/dev/sdb][dsmode=net].  Up 28.97 seconds
[[0;32m  OK  [0m] Started Execute cloud user/final scripts.
[[0;32m  OK  [0m] Reached target Cloud-init target.

Ubuntu 16.04.3 LTS ubuntu-xenial ttyS0

ubuntu-xenial login: 